// Jest Snapshot v1, https://goo.gl/fbAQLP

exports[`snapshot: className css 1`] = `
".MuiPaper-root {
  background-color: #fff;
}
.MuiPaper-rounded {
  border-radius: 2px;
}
.MuiPaper-shadow0 {
  box-shadow: none;
}
.MuiPaper-shadow1 {
  box-shadow: 0px 1px 3px 0px rgba(0, 0, 0, 0.2),0px 1px 1px 0px rgba(0, 0, 0, 0.14),0px 2px 1px -1px rgba(0, 0, 0, 0.12);
}
.MuiPaper-shadow2 {
  box-shadow: 0px 1px 5px 0px rgba(0, 0, 0, 0.2),0px 2px 2px 0px rgba(0, 0, 0, 0.14),0px 3px 1px -2px rgba(0, 0, 0, 0.12);
}
.MuiPaper-shadow3 {
  box-shadow: 0px 1px 8px 0px rgba(0, 0, 0, 0.2),0px 3px 4px 0px rgba(0, 0, 0, 0.14),0px 3px 3px -2px rgba(0, 0, 0, 0.12);
}
.MuiPaper-shadow4 {
  box-shadow: 0px 2px 4px -1px rgba(0, 0, 0, 0.2),0px 4px 5px 0px rgba(0, 0, 0, 0.14),0px 1px 10px 0px rgba(0, 0, 0, 0.12);
}
.MuiPaper-shadow5 {
  box-shadow: 0px 3px 5px -1px rgba(0, 0, 0, 0.2),0px 5px 8px 0px rgba(0, 0, 0, 0.14),0px 1px 14px 0px rgba(0, 0, 0, 0.12);
}
.MuiPaper-shadow6 {
  box-shadow: 0px 3px 5px -1px rgba(0, 0, 0, 0.2),0px 6px 10px 0px rgba(0, 0, 0, 0.14),0px 1px 18px 0px rgba(0, 0, 0, 0.12);
}
.MuiPaper-shadow7 {
  box-shadow: 0px 4px 5px -2px rgba(0, 0, 0, 0.2),0px 7px 10px 1px rgba(0, 0, 0, 0.14),0px 2px 16px 1px rgba(0, 0, 0, 0.12);
}
.MuiPaper-shadow8 {
  box-shadow: 0px 5px 5px -3px rgba(0, 0, 0, 0.2),0px 8px 10px 1px rgba(0, 0, 0, 0.14),0px 3px 14px 2px rgba(0, 0, 0, 0.12);
}
.MuiPaper-shadow9 {
  box-shadow: 0px 5px 6px -3px rgba(0, 0, 0, 0.2),0px 9px 12px 1px rgba(0, 0, 0, 0.14),0px 3px 16px 2px rgba(0, 0, 0, 0.12);
}
.MuiPaper-shadow10 {
  box-shadow: 0px 6px 6px -3px rgba(0, 0, 0, 0.2),0px 10px 14px 1px rgba(0, 0, 0, 0.14),0px 4px 18px 3px rgba(0, 0, 0, 0.12);
}
.MuiPaper-shadow11 {
  box-shadow: 0px 6px 7px -4px rgba(0, 0, 0, 0.2),0px 11px 15px 1px rgba(0, 0, 0, 0.14),0px 4px 20px 3px rgba(0, 0, 0, 0.12);
}
.MuiPaper-shadow12 {
  box-shadow: 0px 7px 8px -4px rgba(0, 0, 0, 0.2),0px 12px 17px 2px rgba(0, 0, 0, 0.14),0px 5px 22px 4px rgba(0, 0, 0, 0.12);
}
.MuiPaper-shadow13 {
  box-shadow: 0px 7px 8px -4px rgba(0, 0, 0, 0.2),0px 13px 19px 2px rgba(0, 0, 0, 0.14),0px 5px 24px 4px rgba(0, 0, 0, 0.12);
}
.MuiPaper-shadow14 {
  box-shadow: 0px 7px 9px -4px rgba(0, 0, 0, 0.2),0px 14px 21px 2px rgba(0, 0, 0, 0.14),0px 5px 26px 4px rgba(0, 0, 0, 0.12);
}
.MuiPaper-shadow15 {
  box-shadow: 0px 8px 9px -5px rgba(0, 0, 0, 0.2),0px 15px 22px 2px rgba(0, 0, 0, 0.14),0px 6px 28px 5px rgba(0, 0, 0, 0.12);
}
.MuiPaper-shadow16 {
  box-shadow: 0px 8px 10px -5px rgba(0, 0, 0, 0.2),0px 16px 24px 2px rgba(0, 0, 0, 0.14),0px 6px 30px 5px rgba(0, 0, 0, 0.12);
}
.MuiPaper-shadow17 {
  box-shadow: 0px 8px 11px -5px rgba(0, 0, 0, 0.2),0px 17px 26px 2px rgba(0, 0, 0, 0.14),0px 6px 32px 5px rgba(0, 0, 0, 0.12);
}
.MuiPaper-shadow18 {
  box-shadow: 0px 9px 11px -5px rgba(0, 0, 0, 0.2),0px 18px 28px 2px rgba(0, 0, 0, 0.14),0px 7px 34px 6px rgba(0, 0, 0, 0.12);
}
.MuiPaper-shadow19 {
  box-shadow: 0px 9px 12px -6px rgba(0, 0, 0, 0.2),0px 19px 29px 2px rgba(0, 0, 0, 0.14),0px 7px 36px 6px rgba(0, 0, 0, 0.12);
}
.MuiPaper-shadow20 {
  box-shadow: 0px 10px 13px -6px rgba(0, 0, 0, 0.2),0px 20px 31px 3px rgba(0, 0, 0, 0.14),0px 8px 38px 7px rgba(0, 0, 0, 0.12);
}
.MuiPaper-shadow21 {
  box-shadow: 0px 10px 13px -6px rgba(0, 0, 0, 0.2),0px 21px 33px 3px rgba(0, 0, 0, 0.14),0px 8px 40px 7px rgba(0, 0, 0, 0.12);
}
.MuiPaper-shadow22 {
  box-shadow: 0px 10px 14px -6px rgba(0, 0, 0, 0.2),0px 22px 35px 3px rgba(0, 0, 0, 0.14),0px 8px 42px 7px rgba(0, 0, 0, 0.12);
}
.MuiPaper-shadow23 {
  box-shadow: 0px 11px 14px -7px rgba(0, 0, 0, 0.2),0px 23px 36px 3px rgba(0, 0, 0, 0.14),0px 9px 44px 8px rgba(0, 0, 0, 0.12);
}
.MuiPaper-shadow24 {
  box-shadow: 0px 11px 15px -7px rgba(0, 0, 0, 0.2),0px 24px 38px 3px rgba(0, 0, 0, 0.14),0px 9px 46px 8px rgba(0, 0, 0, 0.12);
}
.MuiDrawer-docked {
  flex: 0 0 auto;
}
.MuiDrawer-paper {
  top: 0;
  flex: 1 0 auto;
  height: 100vh;
  display: flex;
  z-index: 1300;
  position: fixed;
  overflow-y: auto;
  flex-direction: column;
  -webkit-overflow-scrolling: touch;
}
.MuiDrawer-paperAnchorLeft {
  left: 0;
  right: auto;
}
.MuiDrawer-paperAnchorRight {
  left: auto;
  right: 0;
}
.MuiDrawer-paperAnchorTop {
  top: 0;
  left: 0;
  right: 0;
  bottom: auto;
  height: auto;
  max-height: 100vh;
}
.MuiDrawer-paperAnchorBottom {
  top: auto;
  left: 0;
  right: 0;
  bottom: 0;
  height: auto;
  max-height: 100vh;
}
.MuiDrawer-paperAnchorDockedLeft {
  border-right: 1px solid rgba(0, 0, 0, 0.12);
}
.MuiDrawer-paperAnchorDockedTop {
  border-bottom: 1px solid rgba(0, 0, 0, 0.12);
}
.MuiDrawer-paperAnchorDockedRight {
  border-left: 1px solid rgba(0, 0, 0, 0.12);
}
.MuiDrawer-paperAnchorDockedBottom {
  border-top: 1px solid rgba(0, 0, 0, 0.12);
}
.MuiTouchRipple-root {
  top: 0;
  left: 0;
  width: 100%;
  height: 100%;
  display: block;
  z-index: 0;
  position: absolute;
  overflow: hidden;
  border-radius: inherit;
  pointer-events: none;
}
.MuiTouchRipple-wrapper {
  opacity: 1;
}
.MuiTouchRipple-wrapperLeaving {
  opacity: 0;
  animation: mui-ripple-exit 550ms cubic-bezier(0.4, 0, 0.2, 1);
}
.MuiTouchRipple-wrapperPulsating {
  top: 0;
  left: 0;
  width: 100%;
  height: 100%;
  display: block;
  position: absolute;
  animation: mui-ripple-pulsate 1500ms cubic-bezier(0.4, 0, 0.2, 1) 200ms infinite;
}
@keyframes mui-ripple-enter {
  0% {
    transform: scale(0);
  }
  100% {
    transform: scale(1);
  }
}
@keyframes mui-ripple-exit {
  0% {
    opacity: 1;
  }
  100% {
    opacity: 0;
  }
}
@keyframes mui-ripple-pulsate {
  0% {
    transform: scale(1);
  }
  50% {
    transform: scale(0.9);
  }
  100% {
    transform: scale(1);
  }
}
.MuiTouchRipple-ripple {
  top: 0;
  left: 0;
  width: 50px;
  height: 50px;
  opacity: 0;
  position: absolute;
  background: currentColor;
  border-radius: 50%;
}
.MuiTouchRipple-rippleVisible {
  opacity: 0.3;
  transform: scale(1);
  animation: mui-ripple-enter 550ms cubic-bezier(0.4, 0, 0.2, 1);
}
.MuiTouchRipple-rippleFast {
  animation-duration: 200ms;
}
.MuiButtonBase-root {
  color: inherit;
  border: 0;
  cursor: pointer;
  display: inline-flex;
  outline: none;
  position: relative;
  appearance: none;
  align-items: center;
  user-select: none;
  border-radius: 0;
  justify-content: center;
  text-decoration: none;
  background-color: transparent;
  -webkit-tap-highlight-color: rgba(0, 0, 0, 0);
}
.MuiButtonBase-root::-moz-focus-inner {
  border-style: none;
}
.MuiButtonBase-disabled {
  cursor: default;
  pointer-events: none;
}
.MuiSvgIcon-root {
  fill: currentColor;
  width: 24px;
  height: 24px;
  display: inline-block;
  transition: fill 200ms cubic-bezier(0.4, 0, 0.2, 1) 0ms;
  user-select: none;
  flex-shrink: 0;
}
.MuiIconButton-root {
  flex: 0 0 auto;
  width: 48px;
  color: rgba(0, 0, 0, 0.54);
  height: 48px;
  padding: 0;
  font-size: 1.5rem;
  text-align: center;
  transition: background-color 150ms cubic-bezier(0.4, 0, 0.2, 1) 0ms;
  border-radius: 50%;
}
.MuiIconButton-colorAccent {
  color: #ff4081;
}
.MuiIconButton-colorContrast {
  color: rgba(255, 255, 255, 1);
}
.MuiIconButton-colorPrimary {
  color: #3f51b5;
}
.MuiIconButton-colorInherit {
  color: inherit;
}
.MuiIconButton-disabled {
  color: rgba(0, 0, 0, 0.26);
}
.MuiIconButton-label {
  width: 100%;
  display: flex;
  align-items: inherit;
  justify-content: inherit;
}
.MuiIconButton-icon {
  width: 1em;
  height: 1em;
}
.MuiIconButton-keyboardFocused {
  background-color: rgba(0, 0, 0, 0.12);
}
.fcDrawer-drawerPaper {
  width: 240px;
  height: 100%;
  position: relative;
  transition: width 225ms cubic-bezier(0.4, 0, 0.6, 1) 0ms;
}
.fcDrawer-drawerPaperClose {
  width: 60px;
  overflow-x: hidden;
  transition: width 195ms cubic-bezier(0.4, 0, 0.6, 1) 0ms;
}
.fcDrawer-drawerInner {
  width: 240px;
}
.fcDrawer-drawerHeader {
  height: 56px;
  display: flex;
  padding: 0 8px;
  align-items: center;
  justify-content: flex-end;
}
@media (min-width:600px) {
  .fcDrawer-drawerHeader {
    height: 64px;
  }
}"
`;

exports[`snapshot: className html 1`] = `
<div
  className="MuiDrawer-docked"
>
  <div
    className="MuiPaper-root MuiPaper-shadow0 MuiDrawer-paper fcDrawer-drawerPaper fcDrawer-drawerPaperClose MuiDrawer-paperAnchorLeft MuiDrawer-paperAnchorDockedLeft"
  >
    <div
      className="fcDrawer-drawerInner"
    >
      <div
        className="fcDrawer-drawerHeader"
      >
        <button
          className="MuiButtonBase-root MuiIconButton-root"
          disabled={false}
          onBlur={[Function]}
          onClick={undefined}
          onFocus={[Function]}
          onKeyDown={[Function]}
          onKeyUp={[Function]}
          onMouseDown={[Function]}
          onMouseLeave={[Function]}
          onMouseUp={[Function]}
          onTouchEnd={[Function]}
          onTouchMove={[Function]}
          onTouchStart={[Function]}
          role="button"
          tabIndex={0}
          type="button"
        >
          <span
            className="MuiIconButton-label"
          >
            <svg
              aria-hidden="true"
              className="MuiSvgIcon-root MuiIconButton-icon"
              focusable="false"
              viewBox="0 0 24 24"
            >
              <path
                d="M15.41 7.41L14 6l-6 6 6 6 1.41-1.41L10.83 12z"
              />
            </svg>
          </span>
          <span
            className="MuiTouchRipple-root"
          />
        </button>
      </div>
    </div>
  </div>
</div>
`;

exports[`snapshot: empty css 1`] = `""`;

exports[`snapshot: empty html 1`] = `
<div
  className="MuiDrawer-docked"
>
  <div
    className="MuiPaper-root MuiPaper-shadow0 MuiDrawer-paper fcDrawer-drawerPaper fcDrawer-drawerPaperClose MuiDrawer-paperAnchorLeft MuiDrawer-paperAnchorDockedLeft"
  >
    <div
      className="fcDrawer-drawerInner"
    >
      <div
        className="fcDrawer-drawerHeader"
      >
        <button
          className="MuiButtonBase-root MuiIconButton-root"
          disabled={false}
          onBlur={[Function]}
          onClick={undefined}
          onFocus={[Function]}
          onKeyDown={[Function]}
          onKeyUp={[Function]}
          onMouseDown={[Function]}
          onMouseLeave={[Function]}
          onMouseUp={[Function]}
          onTouchEnd={[Function]}
          onTouchMove={[Function]}
          onTouchStart={[Function]}
          role="button"
          tabIndex={0}
          type="button"
        >
          <span
            className="MuiIconButton-label"
          >
            <svg
              aria-hidden="true"
              className="MuiSvgIcon-root MuiIconButton-icon"
              focusable="false"
              viewBox="0 0 24 24"
            >
              <path
                d="M15.41 7.41L14 6l-6 6 6 6 1.41-1.41L10.83 12z"
              />
            </svg>
          </span>
          <span
            className="MuiTouchRipple-root"
          />
        </button>
      </div>
    </div>
  </div>
</div>
`;
